SQL> -- 1.LIST ALL THE EMPLOYEES WHOSE COMMISSION IS NULL.
SQL> SELECT ENAME
  2  FROM EMP
  3  WHERE COMM IS NULL;

ENAME                                                                                                                                                                                                                                                                                                                                                                                                                                                                                                                                                                                                                                                                                                                                                                                                                                                                                                                                                                                                                                   
----------                                                                                                                                                                                                                                                                                                                                                                                                                                                                                                                                                                                                                                                                                                                                                                                                                                                                                                                                                                                                                              
SMITH                                                                                                                                                                                                                                                                                                                                                                                                                                                                                                                                                                                                                                                                                                                                                                                                                                                                                                                                                                                                                                   
JONES                                                                                                                                                                                                                                                                                                                                                                                                                                                                                                                                                                                                                                                                                                                                                                                                                                                                                                                                                                                                                                   
BLAKE                                                                                                                                                                                                                                                                                                                                                                                                                                                                                                                                                                                                                                                                                                                                                                                                                                                                                                                                                                                                                                   
CLARK                                                                                                                                                                                                                                                                                                                                                                                                                                                                                                                                                                                                                                                                                                                                                                                                                                                                                                                                                                                                                                   
SCOTT                                                                                                                                                                                                                                                                                                                                                                                                                                                                                                                                                                                                                                                                                                                                                                                                                                                                                                                                                                                                                                   
KING                                                                                                                                                                                                                                                                                                                                                                                                                                                                                                                                                                                                                                                                                                                                                                                                                                                                                                                                                                                                                                    
ADAMS                                                                                                                                                                                                                                                                                                                                                                                                                                                                                                                                                                                                                                                                                                                                                                                                                                                                                                                                                                                                                                   
JAMES                                                                                                                                                                                                                                                                                                                                                                                                                                                                                                                                                                                                                                                                                                                                                                                                                                                                                                                                                                                                                                   
FORD                                                                                                                                                                                                                                                                                                                                                                                                                                                                                                                                                                                                                                                                                                                                                                                                                                                                                                                                                                                                                                    
MILLER                                                                                                                                                                                                                                                                                                                                                                                                                                                                                                                                                                                                                                                                                                                                                                                                                                                                                                                                                                                                                                  

10 rows selected.

SQL> ED
Wrote file afiedt.buf

  1  SELECT ENAME
  2  FROM EMP
  3* WHERE COMM = NULL
SQL> /

no rows selected

SQL> -- 2.LIST ALL THE EMPLOYEES WHO DON'T HAVE A REPORTING MANAGER.
SQL> SELECT ENAME
  2  FROM EMP
  3  WHERE JOB != 'MANAGER';

ENAME                                                                                                                                                                                                                                                                                                                                                                                                                                                                                                                                                                                                                                                                                                                                                                                                                                                                                                                                                                                                                                   
----------                                                                                                                                                                                                                                                                                                                                                                                                                                                                                                                                                                                                                                                                                                                                                                                                                                                                                                                                                                                                                              
SMITH                                                                                                                                                                                                                                                                                                                                                                                                                                                                                                                                                                                                                                                                                                                                                                                                                                                                                                                                                                                                                                   
ALLEN                                                                                                                                                                                                                                                                                                                                                                                                                                                                                                                                                                                                                                                                                                                                                                                                                                                                                                                                                                                                                                   
WARD                                                                                                                                                                                                                                                                                                                                                                                                                                                                                                                                                                                                                                                                                                                                                                                                                                                                                                                                                                                                                                    
MARTIN                                                                                                                                                                                                                                                                                                                                                                                                                                                                                                                                                                                                                                                                                                                                                                                                                                                                                                                                                                                                                                  
SCOTT                                                                                                                                                                                                                                                                                                                                                                                                                                                                                                                                                                                                                                                                                                                                                                                                                                                                                                                                                                                                                                   
KING                                                                                                                                                                                                                                                                                                                                                                                                                                                                                                                                                                                                                                                                                                                                                                                                                                                                                                                                                                                                                                    
TURNER                                                                                                                                                                                                                                                                                                                                                                                                                                                                                                                                                                                                                                                                                                                                                                                                                                                                                                                                                                                                                                  
ADAMS                                                                                                                                                                                                                                                                                                                                                                                                                                                                                                                                                                                                                                                                                                                                                                                                                                                                                                                                                                                                                                   
JAMES                                                                                                                                                                                                                                                                                                                                                                                                                                                                                                                                                                                                                                                                                                                                                                                                                                                                                                                                                                                                                                   
FORD                                                                                                                                                                                                                                                                                                                                                                                                                                                                                                                                                                                                                                                                                                                                                                                                                                                                                                                                                                                                                                    
MILLER                                                                                                                                                                                                                                                                                                                                                                                                                                                                                                                                                                                                                                                                                                                                                                                                                                                                                                                                                                                                                                  

11 rows selected.

SQL> SELECT * FROM EMP;

     EMPNO ENAME      JOB              MGR HIREDATE         SAL       COMM     DEPTNO                                                                                                                                                                                                                                                                                                                                                                                                                                                                                                                                                                                                                                                                                                                                                                                                                                                                                                                                                   
---------- ---------- --------- ---------- --------- ---------- ---------- ----------                                                                                                                                                                                                                                                                                                                                                                                                                                                                                                                                                                                                                                                                                                                                                                                                                                                                                                                                                   
      7369 SMITH      CLERK           7902 17-DEC-80        800                    20                                                                                                                                                                                                                                                                                                                                                                                                                                                                                                                                                                                                                                                                                                                                                                                                                                                                                                                                                   
      7499 ALLEN      SALESMAN        7698 20-FEB-81       1600        300         30                                                                                                                                                                                                                                                                                                                                                                                                                                                                                                                                                                                                                                                                                                                                                                                                                                                                                                                                                   
      7521 WARD       SALESMAN        7698 22-FEB-81       1250        500         30                                                                                                                                                                                                                                                                                                                                                                                                                                                                                                                                                                                                                                                                                                                                                                                                                                                                                                                                                   
      7566 JONES      MANAGER         7839 02-APR-81       2975                    20                                                                                                                                                                                                                                                                                                                                                                                                                                                                                                                                                                                                                                                                                                                                                                                                                                                                                                                                                   
      7654 MARTIN     SALESMAN        7698 28-SEP-81       1250       1400         30                                                                                                                                                                                                                                                                                                                                                                                                                                                                                                                                                                                                                                                                                                                                                                                                                                                                                                                                                   
      7698 BLAKE      MANAGER         7839 01-MAY-81       2850                    30                                                                                                                                                                                                                                                                                                                                                                                                                                                                                                                                                                                                                                                                                                                                                                                                                                                                                                                                                   
      7782 CLARK      MANAGER         7839 09-JUN-81       2450                    10                                                                                                                                                                                                                                                                                                                                                                                                                                                                                                                                                                                                                                                                                                                                                                                                                                                                                                                                                   
      7788 SCOTT      ANALYST         7566 19-APR-87       3000                    20                                                                                                                                                                                                                                                                                                                                                                                                                                                                                                                                                                                                                                                                                                                                                                                                                                                                                                                                                   
      7839 KING       PRESIDENT            17-NOV-81       5000                    10                                                                                                                                                                                                                                                                                                                                                                                                                                                                                                                                                                                                                                                                                                                                                                                                                                                                                                                                                   
      7844 TURNER     SALESMAN        7698 08-SEP-81       1500          0         30                                                                                                                                                                                                                                                                                                                                                                                                                                                                                                                                                                                                                                                                                                                                                                                                                                                                                                                                                   
      7876 ADAMS      CLERK           7788 23-MAY-87       1100                    20                                                                                                                                                                                                                                                                                                                                                                                                                                                                                                                                                                                                                                                                                                                                                                                                                                                                                                                                                   
      7900 JAMES      CLERK           7698 03-DEC-81        950                    30                                                                                                                                                                                                                                                                                                                                                                                                                                                                                                                                                                                                                                                                                                                                                                                                                                                                                                                                                   
      7902 FORD       ANALYST         7566 03-DEC-81       3000                    20                                                                                                                                                                                                                                                                                                                                                                                                                                                                                                                                                                                                                                                                                                                                                                                                                                                                                                                                                   
      7934 MILLER     CLERK           7782 23-JAN-82       1300                    10                                                                                                                                                                                                                                                                                                                                                                                                                                                                                                                                                                                                                                                                                                                                                                                                                                                                                                                                                   

14 rows selected.

SQL> SELECT ENAME
  2  FROM EMP
  3  WHERE MGR IS NULL;

ENAME                                                                                                                                                                                                                                                                                                                                                                                                                                                                                                                                                                                                                                                                                                                                                                                                                                                                                                                                                                                                                                   
----------                                                                                                                                                                                                                                                                                                                                                                                                                                                                                                                                                                                                                                                                                                                                                                                                                                                                                                                                                                                                                              
KING                                                                                                                                                                                                                                                                                                                                                                                                                                                                                                                                                                                                                                                                                                                                                                                                                                                                                                                                                                                                                                    

SQL> -- 3.LIST ALL THE SALESMEN IN DEPT 30.
SQL> SELECT ENAME
  2  FROM EMP
  3  WHERE JOB = 'SALESMAN' AND DEPT= 30;
WHERE JOB = 'SALESMAN' AND DEPT= 30
                           *
ERROR at line 3:
ORA-00904: "DEPT": invalid identifier 


SQL> ED
Wrote file afiedt.buf

  1  SELECT ENAME
  2  FROM EMP
  3* WHERE JOB = 'SALESMAN' AND DEPTNO = 30
SQL> /

ENAME                                                                                                                                                                                                                                                                                                                                                                                                                                                                                                                                                                                                                                                                                                                                                                                                                                                                                                                                                                                                                                   
----------                                                                                                                                                                                                                                                                                                                                                                                                                                                                                                                                                                                                                                                                                                                                                                                                                                                                                                                                                                                                                              
ALLEN                                                                                                                                                                                                                                                                                                                                                                                                                                                                                                                                                                                                                                                                                                                                                                                                                                                                                                                                                                                                                                   
WARD                                                                                                                                                                                                                                                                                                                                                                                                                                                                                                                                                                                                                                                                                                                                                                                                                                                                                                                                                                                                                                    
MARTIN                                                                                                                                                                                                                                                                                                                                                                                                                                                                                                                                                                                                                                                                                                                                                                                                                                                                                                                                                                                                                                  
TURNER                                                                                                                                                                                                                                                                                                                                                                                                                                                                                                                                                                                                                                                                                                                                                                                                                                                                                                                                                                                                                                  

SQL> -- 4.LIST ALL THE SALESMEN IN DEPT NUMBER 30 AND HAVING SALARY GREATER THAN 1500.
SQL> SELECT ENAME
  2  FROM EMP
  3  WHERE JOB = 'SALESMAN'
  4  AND DEPTNO = 30
  5  AND SAL > 1500
  6  ;

ENAME                                                                                                                                                                                                                                                                                                                                                                                                                                                                                                                                                                                                                                                                                                                                                                                                                                                                                                                                                                                                                                   
----------                                                                                                                                                                                                                                                                                                                                                                                                                                                                                                                                                                                                                                                                                                                                                                                                                                                                                                                                                                                                                              
ALLEN                                                                                                                                                                                                                                                                                                                                                                                                                                                                                                                                                                                                                                                                                                                                                                                                                                                                                                                                                                                                                                   

SQL> SELECT *
  2  FROM EMP
  3  ORDER BY DEPTNO;

     EMPNO ENAME      JOB              MGR HIREDATE         SAL       COMM     DEPTNO                                                                                                                                                                                                                                                                                                                                                                                                                                                                                                                                                                                                                                                                                                                                                                                                                                                                                                                                                   
---------- ---------- --------- ---------- --------- ---------- ---------- ----------                                                                                                                                                                                                                                                                                                                                                                                                                                                                                                                                                                                                                                                                                                                                                                                                                                                                                                                                                   
      7782 CLARK      MANAGER         7839 09-JUN-81       2450                    10                                                                                                                                                                                                                                                                                                                                                                                                                                                                                                                                                                                                                                                                                                                                                                                                                                                                                                                                                   
      7839 KING       PRESIDENT            17-NOV-81       5000                    10                                                                                                                                                                                                                                                                                                                                                                                                                                                                                                                                                                                                                                                                                                                                                                                                                                                                                                                                                   
      7934 MILLER     CLERK           7782 23-JAN-82       1300                    10                                                                                                                                                                                                                                                                                                                                                                                                                                                                                                                                                                                                                                                                                                                                                                                                                                                                                                                                                   
      7566 JONES      MANAGER         7839 02-APR-81       2975                    20                                                                                                                                                                                                                                                                                                                                                                                                                                                                                                                                                                                                                                                                                                                                                                                                                                                                                                                                                   
      7902 FORD       ANALYST         7566 03-DEC-81       3000                    20                                                                                                                                                                                                                                                                                                                                                                                                                                                                                                                                                                                                                                                                                                                                                                                                                                                                                                                                                   
      7876 ADAMS      CLERK           7788 23-MAY-87       1100                    20                                                                                                                                                                                                                                                                                                                                                                                                                                                                                                                                                                                                                                                                                                                                                                                                                                                                                                                                                   
      7369 SMITH      CLERK           7902 17-DEC-80        800                    20                                                                                                                                                                                                                                                                                                                                                                                                                                                                                                                                                                                                                                                                                                                                                                                                                                                                                                                                                   
      7788 SCOTT      ANALYST         7566 19-APR-87       3000                    20                                                                                                                                                                                                                                                                                                                                                                                                                                                                                                                                                                                                                                                                                                                                                                                                                                                                                                                                                   
      7521 WARD       SALESMAN        7698 22-FEB-81       1250        500         30                                                                                                                                                                                                                                                                                                                                                                                                                                                                                                                                                                                                                                                                                                                                                                                                                                                                                                                                                   
      7844 TURNER     SALESMAN        7698 08-SEP-81       1500          0         30                                                                                                                                                                                                                                                                                                                                                                                                                                                                                                                                                                                                                                                                                                                                                                                                                                                                                                                                                   
      7499 ALLEN      SALESMAN        7698 20-FEB-81       1600        300         30                                                                                                                                                                                                                                                                                                                                                                                                                                                                                                                                                                                                                                                                                                                                                                                                                                                                                                                                                   
      7900 JAMES      CLERK           7698 03-DEC-81        950                    30                                                                                                                                                                                                                                                                                                                                                                                                                                                                                                                                                                                                                                                                                                                                                                                                                                                                                                                                                   
      7698 BLAKE      MANAGER         7839 01-MAY-81       2850                    30                                                                                                                                                                                                                                                                                                                                                                                                                                                                                                                                                                                                                                                                                                                                                                                                                                                                                                                                                   
      7654 MARTIN     SALESMAN        7698 28-SEP-81       1250       1400         30                                                                                                                                                                                                                                                                                                                                                                                                                                                                                                                                                                                                                                                                                                                                                                                                                                                                                                                                                   

14 rows selected.

SQL> -- 5.LIST ALL THE EMPLOYEES WHOSE NAME STARTS WITH `S' OR `A'.
SQL> SELECT ENAME
  2  FROM EMP
  3  WHERE ENAME IN 'S%' OR 'A%'
  4  ;

*
ERROR at line 4:
ORA-00920: invalid relational operator 


SQL> ED
Wrote file afiedt.buf

  1  SELECT ENAME
  2  FROM EMP
  3  WHERE ENAME IN 'S%' OR 
  4* ENAME IN'A%'
  5  /

no rows selected

SQL> -- 6.LIST ALL THE EMPLOYEES EXCEPT THOSE WHO ARE WORKING IN DEPT 10 & 20.
SQL> SELECT ENAME
  2  FROM EMP
  3  WHERE DEPT NOT IN (10, 20)
  4  ;
WHERE DEPT NOT IN (10, 20)
      *
ERROR at line 3:
ORA-00904: "DEPT": invalid identifier 


SQL> ED
Wrote file afiedt.buf

  1  SELECT ENAME
  2  FROM EMP
  3* WHERE DEPTNO NOT IN (10, 20)
  4  /

ENAME                                                                                                                                                                                                                                                                                                                                                                                                                                                                                                                                                                                                                                                                                                                                                                                                                                                                                                                                                                                                                                   
----------                                                                                                                                                                                                                                                                                                                                                                                                                                                                                                                                                                                                                                                                                                                                                                                                                                                                                                                                                                                                                              
ALLEN                                                                                                                                                                                                                                                                                                                                                                                                                                                                                                                                                                                                                                                                                                                                                                                                                                                                                                                                                                                                                                   
WARD                                                                                                                                                                                                                                                                                                                                                                                                                                                                                                                                                                                                                                                                                                                                                                                                                                                                                                                                                                                                                                    
MARTIN                                                                                                                                                                                                                                                                                                                                                                                                                                                                                                                                                                                                                                                                                                                                                                                                                                                                                                                                                                                                                                  
BLAKE                                                                                                                                                                                                                                                                                                                                                                                                                                                                                                                                                                                                                                                                                                                                                                                                                                                                                                                                                                                                                                   
TURNER                                                                                                                                                                                                                                                                                                                                                                                                                                                                                                                                                                                                                                                                                                                                                                                                                                                                                                                                                                                                                                  
JAMES                                                                                                                                                                                                                                                                                                                                                                                                                                                                                                                                                                                                                                                                                                                                                                                                                                                                                                                                                                                                                                   

6 rows selected.

SQL> -- 7.LIST THE EMPLOYEES WHOSE NAME DOES NOT START WITH `S'.
SQL> SELECT ENAME
  2  FROM EMP
  3  WHERE ENAME NOT IN 'S%'
  4  ;

ENAME                                                                                                                                                                                                                                                                                                                                                                                                                                                                                                                                                                                                                                                                                                                                                                                                                                                                                                                                                                                                                                   
----------                                                                                                                                                                                                                                                                                                                                                                                                                                                                                                                                                                                                                                                                                                                                                                                                                                                                                                                                                                                                                              
SMITH                                                                                                                                                                                                                                                                                                                                                                                                                                                                                                                                                                                                                                                                                                                                                                                                                                                                                                                                                                                                                                   
ALLEN                                                                                                                                                                                                                                                                                                                                                                                                                                                                                                                                                                                                                                                                                                                                                                                                                                                                                                                                                                                                                                   
WARD                                                                                                                                                                                                                                                                                                                                                                                                                                                                                                                                                                                                                                                                                                                                                                                                                                                                                                                                                                                                                                    
JONES                                                                                                                                                                                                                                                                                                                                                                                                                                                                                                                                                                                                                                                                                                                                                                                                                                                                                                                                                                                                                                   
MARTIN                                                                                                                                                                                                                                                                                                                                                                                                                                                                                                                                                                                                                                                                                                                                                                                                                                                                                                                                                                                                                                  
BLAKE                                                                                                                                                                                                                                                                                                                                                                                                                                                                                                                                                                                                                                                                                                                                                                                                                                                                                                                                                                                                                                   
CLARK                                                                                                                                                                                                                                                                                                                                                                                                                                                                                                                                                                                                                                                                                                                                                                                                                                                                                                                                                                                                                                   
SCOTT                                                                                                                                                                                                                                                                                                                                                                                                                                                                                                                                                                                                                                                                                                                                                                                                                                                                                                                                                                                                                                   
KING                                                                                                                                                                                                                                                                                                                                                                                                                                                                                                                                                                                                                                                                                                                                                                                                                                                                                                                                                                                                                                    
TURNER                                                                                                                                                                                                                                                                                                                                                                                                                                                                                                                                                                                                                                                                                                                                                                                                                                                                                                                                                                                                                                  
ADAMS                                                                                                                                                                                                                                                                                                                                                                                                                                                                                                                                                                                                                                                                                                                                                                                                                                                                                                                                                                                                                                   
JAMES                                                                                                                                                                                                                                                                                                                                                                                                                                                                                                                                                                                                                                                                                                                                                                                                                                                                                                                                                                                                                                   
FORD                                                                                                                                                                                                                                                                                                                                                                                                                                                                                                                                                                                                                                                                                                                                                                                                                                                                                                                                                                                                                                    
MILLER                                                                                                                                                                                                                                                                                                                                                                                                                                                                                                                                                                                                                                                                                                                                                                                                                                                                                                                                                                                                                                  

14 rows selected.

SQL> -- 8.LIST ALL THE EMPLOYEES WHO ARE HAVING REPORTING MANAGERS IN DEPT 10.
SQL> SELECT ENAME
  2  FROM EMP
  3  WHERE MGR IS NOT NULL
  4  AND DEPTNO = 10
  5  ;

ENAME                                                                                                                                                                                                                                                                                                                                                                                                                                                                                                                                                                                                                                                                                                                                                                                                                                                                                                                                                                                                                                   
----------                                                                                                                                                                                                                                                                                                                                                                                                                                                                                                                                                                                                                                                                                                                                                                                                                                                                                                                                                                                                                              
CLARK                                                                                                                                                                                                                                                                                                                                                                                                                                                                                                                                                                                                                                                                                                                                                                                                                                                                                                                                                                                                                                   
MILLER                                                                                                                                                                                                                                                                                                                                                                                                                                                                                                                                                                                                                                                                                                                                                                                                                                                                                                                                                                                                                                  

SQL> -- 8.LIST ALL THE EMPLOYEES WHO ARE HAVING REPORTING MANAGERS IN DEPT 10.
SQL> 
SQL> 
SQL> 
SQL> -- 9.LIST ALL THE EMPLOYEES WHOSE COMMISSION IS NULL AND WORKING AS CLERK.
SQL> SELECT ENAME
  2  FROM EMP
  3  WHERE COMM IS NULL
  4  AND JOB = 'CLERK'
  5  ;

ENAME                                                                                                                                                                                                                                                                                                                                                                                                                                                                                                                                                                                                                                                                                                                                                                                                                                                                                                                                                                                                                                   
----------                                                                                                                                                                                                                                                                                                                                                                                                                                                                                                                                                                                                                                                                                                                                                                                                                                                                                                                                                                                                                              
SMITH                                                                                                                                                                                                                                                                                                                                                                                                                                                                                                                                                                                                                                                                                                                                                                                                                                                                                                                                                                                                                                   
ADAMS                                                                                                                                                                                                                                                                                                                                                                                                                                                                                                                                                                                                                                                                                                                                                                                                                                                                                                                                                                                                                                   
JAMES                                                                                                                                                                                                                                                                                                                                                                                                                                                                                                                                                                                                                                                                                                                                                                                                                                                                                                                                                                                                                                   
MILLER                                                                                                                                                                                                                                                                                                                                                                                                                                                                                                                                                                                                                                                                                                                                                                                                                                                                                                                                                                                                                                  

SQL> -- 10.LIST ALL THE EMPLOYEES WHO DON'T HAVE A REPORTING MANAGER IN DEPTNO 10 OR 30.
SQL> SELECT ENAME
  2  FROM EMP
  3  WHERE MGR IS NOT NULL
  4  AND DEPTNO IN (10, 30)
  5  ;

ENAME                                                                                                                                                                                                                                                                                                                                                                                                                                                                                                                                                                                                                                                                                                                                                                                                                                                                                                                                                                                                                                   
----------                                                                                                                                                                                                                                                                                                                                                                                                                                                                                                                                                                                                                                                                                                                                                                                                                                                                                                                                                                                                                              
ALLEN                                                                                                                                                                                                                                                                                                                                                                                                                                                                                                                                                                                                                                                                                                                                                                                                                                                                                                                                                                                                                                   
WARD                                                                                                                                                                                                                                                                                                                                                                                                                                                                                                                                                                                                                                                                                                                                                                                                                                                                                                                                                                                                                                    
MARTIN                                                                                                                                                                                                                                                                                                                                                                                                                                                                                                                                                                                                                                                                                                                                                                                                                                                                                                                                                                                                                                  
BLAKE                                                                                                                                                                                                                                                                                                                                                                                                                                                                                                                                                                                                                                                                                                                                                                                                                                                                                                                                                                                                                                   
CLARK                                                                                                                                                                                                                                                                                                                                                                                                                                                                                                                                                                                                                                                                                                                                                                                                                                                                                                                                                                                                                                   
TURNER                                                                                                                                                                                                                                                                                                                                                                                                                                                                                                                                                                                                                                                                                                                                                                                                                                                                                                                                                                                                                                  
JAMES                                                                                                                                                                                                                                                                                                                                                                                                                                                                                                                                                                                                                                                                                                                                                                                                                                                                                                                                                                                                                                   
MILLER                                                                                                                                                                                                                                                                                                                                                                                                                                                                                                                                                                                                                                                                                                                                                                                                                                                                                                                                                                                                                                  

8 rows selected.

SQL> SELECT * FROM EMP
  2  ORDER BY DEPTNO;

     EMPNO ENAME      JOB              MGR HIREDATE         SAL       COMM     DEPTNO                                                                                                                                                                                                                                                                                                                                                                                                                                                                                                                                                                                                                                                                                                                                                                                                                                                                                                                                                   
---------- ---------- --------- ---------- --------- ---------- ---------- ----------                                                                                                                                                                                                                                                                                                                                                                                                                                                                                                                                                                                                                                                                                                                                                                                                                                                                                                                                                   
      7782 CLARK      MANAGER         7839 09-JUN-81       2450                    10                                                                                                                                                                                                                                                                                                                                                                                                                                                                                                                                                                                                                                                                                                                                                                                                                                                                                                                                                   
      7839 KING       PRESIDENT            17-NOV-81       5000                    10                                                                                                                                                                                                                                                                                                                                                                                                                                                                                                                                                                                                                                                                                                                                                                                                                                                                                                                                                   
      7934 MILLER     CLERK           7782 23-JAN-82       1300                    10                                                                                                                                                                                                                                                                                                                                                                                                                                                                                                                                                                                                                                                                                                                                                                                                                                                                                                                                                   
      7566 JONES      MANAGER         7839 02-APR-81       2975                    20                                                                                                                                                                                                                                                                                                                                                                                                                                                                                                                                                                                                                                                                                                                                                                                                                                                                                                                                                   
      7902 FORD       ANALYST         7566 03-DEC-81       3000                    20                                                                                                                                                                                                                                                                                                                                                                                                                                                                                                                                                                                                                                                                                                                                                                                                                                                                                                                                                   
      7876 ADAMS      CLERK           7788 23-MAY-87       1100                    20                                                                                                                                                                                                                                                                                                                                                                                                                                                                                                                                                                                                                                                                                                                                                                                                                                                                                                                                                   
      7369 SMITH      CLERK           7902 17-DEC-80        800                    20                                                                                                                                                                                                                                                                                                                                                                                                                                                                                                                                                                                                                                                                                                                                                                                                                                                                                                                                                   
      7788 SCOTT      ANALYST         7566 19-APR-87       3000                    20                                                                                                                                                                                                                                                                                                                                                                                                                                                                                                                                                                                                                                                                                                                                                                                                                                                                                                                                                   
      7521 WARD       SALESMAN        7698 22-FEB-81       1250        500         30                                                                                                                                                                                                                                                                                                                                                                                                                                                                                                                                                                                                                                                                                                                                                                                                                                                                                                                                                   
      7844 TURNER     SALESMAN        7698 08-SEP-81       1500          0         30                                                                                                                                                                                                                                                                                                                                                                                                                                                                                                                                                                                                                                                                                                                                                                                                                                                                                                                                                   
      7499 ALLEN      SALESMAN        7698 20-FEB-81       1600        300         30                                                                                                                                                                                                                                                                                                                                                                                                                                                                                                                                                                                                                                                                                                                                                                                                                                                                                                                                                   
      7900 JAMES      CLERK           7698 03-DEC-81        950                    30                                                                                                                                                                                                                                                                                                                                                                                                                                                                                                                                                                                                                                                                                                                                                                                                                                                                                                                                                   
      7698 BLAKE      MANAGER         7839 01-MAY-81       2850                    30                                                                                                                                                                                                                                                                                                                                                                                                                                                                                                                                                                                                                                                                                                                                                                                                                                                                                                                                                   
      7654 MARTIN     SALESMAN        7698 28-SEP-81       1250       1400         30                                                                                                                                                                                                                                                                                                                                                                                                                                                                                                                                                                                                                                                                                                                                                                                                                                                                                                                                                   

14 rows selected.

SQL> 
SQL> 
SQL> 
SQL> --
SQL> -- 11.LIST ALL THE SALESMEN IN DEPT 30 WITH SAL MORE THAN 2450.
SQL> SELECT ENAME
  2  FROM EMP
  3  WHERE JOB = 'SALESMAN'
  4  AND DEPTNO = 30
  5  AND SAL > 2450
  6  ;

no rows selected

SQL> 
SQL> 
SQL> -- 12.LIST ALL THE ANALYST IN DEPT NUMBER 20 AND HAVING SALARY GREATER THAN 2500.
SQL> SELECT ENAME
  2  FROM EMP
  3  WHERE JOB = 'ANALYST'
  4  AND DEPTNO = 20
  5  AND SAL > 2500
  6  ;

ENAME                                                                                                                                                                                                                                                                                                                                                                                                                                                                                                                                                                                                                                                                                                                                                                                                                                                                                                                                                                                                                                   
----------                                                                                                                                                                                                                                                                                                                                                                                                                                                                                                                                                                                                                                                                                                                                                                                                                                                                                                                                                                                                                              
SCOTT                                                                                                                                                                                                                                                                                                                                                                                                                                                                                                                                                                                                                                                                                                                                                                                                                                                                                                                                                                                                                                   
FORD                                                                                                                                                                                                                                                                                                                                                                                                                                                                                                                                                                                                                                                                                                                                                                                                                                                                                                                                                                                                                                    

SQL> 
SQL> 
SQL> --13.LIST ALL THE EMPLOYEES WHOSE NAME STARTS WITH `M' OR `J'.
SQL> SELECT ENAME
  2  FROM EMP
  3  WHERE ENAME IN 'M%'
  4  OR ENAME IN 'J%'
  5  ;

no rows selected

SQL> 
SQL> 
SQL> -- 14.LIST ALL THE EMPLOYEES WITH ANNUAL SALARY EXCEPT THOSE WHO ARE WORKING IN DEPT 30.
SQL> SELECT ENAME
  2  FROM EMP
  3  WHERE
  4  '
  5  ;
ERROR:
ORA-01756: quoted string not properly terminated 


SQL> SELECT ENAME, SAL * 12
  2  FROM EMP
  3  WHERE DEPTNO != 30
  4  ;

ENAME          SAL*12                                                                                                                                                                                                                                                                                                                                                                                                                                                                                                                                                                                                                                                                                                                                                                                                                                                                                                                                                                                                                   
---------- ----------                                                                                                                                                                                                                                                                                                                                                                                                                                                                                                                                                                                                                                                                                                                                                                                                                                                                                                                                                                                                                   
SMITH            9600                                                                                                                                                                                                                                                                                                                                                                                                                                                                                                                                                                                                                                                                                                                                                                                                                                                                                                                                                                                                                   
JONES           35700                                                                                                                                                                                                                                                                                                                                                                                                                                                                                                                                                                                                                                                                                                                                                                                                                                                                                                                                                                                                                   
CLARK           29400                                                                                                                                                                                                                                                                                                                                                                                                                                                                                                                                                                                                                                                                                                                                                                                                                                                                                                                                                                                                                   
SCOTT           36000                                                                                                                                                                                                                                                                                                                                                                                                                                                                                                                                                                                                                                                                                                                                                                                                                                                                                                                                                                                                                   
KING            60000                                                                                                                                                                                                                                                                                                                                                                                                                                                                                                                                                                                                                                                                                                                                                                                                                                                                                                                                                                                                                   
ADAMS           13200                                                                                                                                                                                                                                                                                                                                                                                                                                                                                                                                                                                                                                                                                                                                                                                                                                                                                                                                                                                                                   
FORD            36000                                                                                                                                                                                                                                                                                                                                                                                                                                                                                                                                                                                                                                                                                                                                                                                                                                                                                                                                                                                                                   
MILLER          15600                                                                                                                                                                                                                                                                                                                                                                                                                                                                                                                                                                                                                                                                                                                                                                                                                                                                                                                                                                                                                   

8 rows selected.

SQL> 
SQL> 
SQL> -- 15.LIST THE EMPLOYEES WHOSE NAME DOES NOT END WITH `ES' OR `R'.
SQL> SELECT *
  2  FROM EMP
  3  WHERE ENAME NOT IN '%ES'
  4  OR ENAME NOT IN '%R'
  5  ;

     EMPNO ENAME      JOB              MGR HIREDATE         SAL       COMM     DEPTNO                                                                                                                                                                                                                                                                                                                                                                                                                                                                                                                                                                                                                                                                                                                                                                                                                                                                                                                                                   
---------- ---------- --------- ---------- --------- ---------- ---------- ----------                                                                                                                                                                                                                                                                                                                                                                                                                                                                                                                                                                                                                                                                                                                                                                                                                                                                                                                                                   
      7369 SMITH      CLERK           7902 17-DEC-80        800                    20                                                                                                                                                                                                                                                                                                                                                                                                                                                                                                                                                                                                                                                                                                                                                                                                                                                                                                                                                   
      7499 ALLEN      SALESMAN        7698 20-FEB-81       1600        300         30                                                                                                                                                                                                                                                                                                                                                                                                                                                                                                                                                                                                                                                                                                                                                                                                                                                                                                                                                   
      7521 WARD       SALESMAN        7698 22-FEB-81       1250        500         30                                                                                                                                                                                                                                                                                                                                                                                                                                                                                                                                                                                                                                                                                                                                                                                                                                                                                                                                                   
      7566 JONES      MANAGER         7839 02-APR-81       2975                    20                                                                                                                                                                                                                                                                                                                                                                                                                                                                                                                                                                                                                                                                                                                                                                                                                                                                                                                                                   
      7654 MARTIN     SALESMAN        7698 28-SEP-81       1250       1400         30                                                                                                                                                                                                                                                                                                                                                                                                                                                                                                                                                                                                                                                                                                                                                                                                                                                                                                                                                   
      7698 BLAKE      MANAGER         7839 01-MAY-81       2850                    30                                                                                                                                                                                                                                                                                                                                                                                                                                                                                                                                                                                                                                                                                                                                                                                                                                                                                                                                                   
      7782 CLARK      MANAGER         7839 09-JUN-81       2450                    10                                                                                                                                                                                                                                                                                                                                                                                                                                                                                                                                                                                                                                                                                                                                                                                                                                                                                                                                                   
      7788 SCOTT      ANALYST         7566 19-APR-87       3000                    20                                                                                                                                                                                                                                                                                                                                                                                                                                                                                                                                                                                                                                                                                                                                                                                                                                                                                                                                                   
      7839 KING       PRESIDENT            17-NOV-81       5000                    10                                                                                                                                                                                                                                                                                                                                                                                                                                                                                                                                                                                                                                                                                                                                                                                                                                                                                                                                                   
      7844 TURNER     SALESMAN        7698 08-SEP-81       1500          0         30                                                                                                                                                                                                                                                                                                                                                                                                                                                                                                                                                                                                                                                                                                                                                                                                                                                                                                                                                   
      7876 ADAMS      CLERK           7788 23-MAY-87       1100                    20                                                                                                                                                                                                                                                                                                                                                                                                                                                                                                                                                                                                                                                                                                                                                                                                                                                                                                                                                   
      7900 JAMES      CLERK           7698 03-DEC-81        950                    30                                                                                                                                                                                                                                                                                                                                                                                                                                                                                                                                                                                                                                                                                                                                                                                                                                                                                                                                                   
      7902 FORD       ANALYST         7566 03-DEC-81       3000                    20                                                                                                                                                                                                                                                                                                                                                                                                                                                                                                                                                                                                                                                                                                                                                                                                                                                                                                                                                   
      7934 MILLER     CLERK           7782 23-JAN-82       1300                    10                                                                                                                                                                                                                                                                                                                                                                                                                                                                                                                                                                                                                                                                                                                                                                                                                                                                                                                                                   

14 rows selected.

SQL> 
SQL> 
SQL> 
SQL> -- 16.LIST ALL THE EMPLOYEES WHO ARE HAVING REPORTING MANAGERS IN DEPT 10 ALONG WITH 10% HIKE IN SALARY.
SQL> SELECT ENAME, SAL + (SAL * 10/100)
  2  FROM EP
  3  WHERE MGR IS NOT NULL
  4  AND DEPTNO = 10
  5  ;
FROM EP
     *
ERROR at line 2:
ORA-00942: table or view does not exist 


SQL> ED
Wrote file afiedt.buf

  1  SELECT ENAME, SAL + (SAL * 10/100)
  2  FROM EMP
  3  WHERE MGR IS NOT NULL
  4* AND DEPTNO = 10
  5  /

ENAME      SAL+(SAL*10/100)                                                                                                                                                                                                                                                                                                                                                                                                                                                                                                                                                                                                                                                                                                                                                                                                                                                                                                                                                                                                             
---------- ----------------                                                                                                                                                                                                                                                                                                                                                                                                                                                                                                                                                                                                                                                                                                                                                                                                                                                                                                                                                                                                             
CLARK                  2695                                                                                                                                                                                                                                                                                                                                                                                                                                                                                                                                                                                                                                                                                                                                                                                                                                                                                                                                                                                                             
MILLER                 1430                                                                                                                                                                                                                                                                                                                                                                                                                                                                                                                                                                                                                                                                                                                                                                                                                                                                                                                                                                                                             

SQL> -- 17.DISPLAY ALL THE EMPLOYEE WHO ARE `SALESMAN'S
SQL> HAVING `E' AS THE LAST BUT ONE CHARACTER IN ENAME BUT SALARY HAVING EXACTLY 4 CHARACTER.
SP2-0734: unknown command beginning "HAVING `E'..." - rest of line ignored.
SQL> 
SQL> 
SQL> 
SQL> 
SQL> -- 17.DISPLAY ALL THE EMPLOYEE WHO ARE `SALESMAN'S HAVING `E' AS THE LAST BUT ONE CHARACTER IN ENAME BUT SALARY HAVING EXACTLY 4 CHARACTER.
SQL> SELECT ENAME
  2  FROM EMP
  3  WHERE ENAME IN '%E_'
  4  AND LENGTH(SAL) = 4
  5  ;

no rows selected

SQL> 
SQL> 
SQL> -- 1.DISPLAY ALL THE EMPLOYEE WHO ARE JOINED AFTER YEAR 81.
SQL> 
SQL> 
SQL> -- 18. DISPLAY ALL THE EMPLOYEE WHO ARE JOINED AFTER YEAR 81.
SQL> SELECT ENAME
  2  FROM EMP
  3  WHERE HIREDATE > '31-DEC-81'
  4  ;

ENAME                                                                                                                                                                                                                                                                                                                                                                                                                                                                                                                                                                                                                                                                                                                                                                                                                                                                                                                                                                                                                                   
----------                                                                                                                                                                                                                                                                                                                                                                                                                                                                                                                                                                                                                                                                                                                                                                                                                                                                                                                                                                                                                              
SCOTT                                                                                                                                                                                                                                                                                                                                                                                                                                                                                                                                                                                                                                                                                                                                                                                                                                                                                                                                                                                                                                   
ADAMS                                                                                                                                                                                                                                                                                                                                                                                                                                                                                                                                                                                                                                                                                                                                                                                                                                                                                                                                                                                                                                   
MILLER                                                                                                                                                                                                                                                                                                                                                                                                                                                                                                                                                                                                                                                                                                                                                                                                                                                                                                                                                                                                                                  

SQL> 
SQL> 
SQL> 
SQL> -- 19.DISPLAY ALL THE EMPLOYEE WHO ARE JOINED IN FEB.
SQL> SELECT ENAME
  2  FROM EMP
  3  WHERE HIREDATE BETWEEN '01-FEB' AND '31-FEB'
  4  ;
WHERE HIREDATE BETWEEN '01-FEB' AND '31-FEB'
                       *
ERROR at line 3:
ORA-01840: input value not long enough for date format 


SQL> 
SQL> 
SQL> --20.LIST THE EMPLOYEES WHO ARE NOT WORKING AS MANAGERS AND CLERKS IN DEPT 10 AND 20 WITH A SALARY IN THE RANGE OF 1000 TO 3000.
SQL> SELECT ENAME
  2  FROM EMP
  3  WHERE JOB NOT IN ('MANAGER', 'CLERK')
  4  AND DEPTNO = 10
  5  AND SAL BETWEEN 1000 AND 3000
  6  ;

no rows selected

SQL> ED
Wrote file afiedt.buf

  1  SELECT ENAME
  2  FROM EMP
  3  WHERE JOB NOT IN ('MANAGER', 'CLERK')
  4  AND DEPTNO IN (10, 20)
  5* AND SAL BETWEEN 1000 AND 3000
  6  /

ENAME                                                                                                                                                                                                                                                                                                                                                                                                                                                                                                                                                                                                                                                                                                                                                                                                                                                                                                                                                                                                                                   
----------                                                                                                                                                                                                                                                                                                                                                                                                                                                                                                                                                                                                                                                                                                                                                                                                                                                                                                                                                                                                                              
SCOTT                                                                                                                                                                                                                                                                                                                                                                                                                                                                                                                                                                                                                                                                                                                                                                                                                                                                                                                                                                                                                                   
FORD                                                                                                                                                                                                                                                                                                                                                                                                                                                                                                                                                                                                                                                                                                                                                                                                                                                                                                                                                                                                                                    

SQL> -- 21. LIST THE EMPLOYEES WHOSE SALARY NOT IN THE RANGE OF 1000 TO 2000 AND WORKING IN DEPT 10,20 OR 30 EXCEPT ALL SALESMEN.
SQL> SELECT ENAME
  2  FROM EMP
  3  WHERE DEPTNO IN (10, 20, 30)
  4  AND SAL NOT BETWEEN 1000 AND 2000
  5  AND JOB != 'SALESMAN'
  6  ;

ENAME                                                                                                                                                                                                                                                                                                                                                                                                                                                                                                                                                                                                                                                                                                                                                                                                                                                                                                                                                                                                                                   
----------                                                                                                                                                                                                                                                                                                                                                                                                                                                                                                                                                                                                                                                                                                                                                                                                                                                                                                                                                                                                                              
SMITH                                                                                                                                                                                                                                                                                                                                                                                                                                                                                                                                                                                                                                                                                                                                                                                                                                                                                                                                                                                                                                   
JONES                                                                                                                                                                                                                                                                                                                                                                                                                                                                                                                                                                                                                                                                                                                                                                                                                                                                                                                                                                                                                                   
BLAKE                                                                                                                                                                                                                                                                                                                                                                                                                                                                                                                                                                                                                                                                                                                                                                                                                                                                                                                                                                                                                                   
CLARK                                                                                                                                                                                                                                                                                                                                                                                                                                                                                                                                                                                                                                                                                                                                                                                                                                                                                                                                                                                                                                   
SCOTT                                                                                                                                                                                                                                                                                                                                                                                                                                                                                                                                                                                                                                                                                                                                                                                                                                                                                                                                                                                                                                   
KING                                                                                                                                                                                                                                                                                                                                                                                                                                                                                                                                                                                                                                                                                                                                                                                                                                                                                                                                                                                                                                    
JAMES                                                                                                                                                                                                                                                                                                                                                                                                                                                                                                                                                                                                                                                                                                                                                                                                                                                                                                                                                                                                                                   
FORD                                                                                                                                                                                                                                                                                                                                                                                                                                                                                                                                                                                                                                                                                                                                                                                                                                                                                                                                                                                                                                    

8 rows selected.

SQL> 
SQL> 
SQL> 
SQL> --22. LIST THE DEPARTMENT NAMES WHICH ARE HAVING LETTER `O' IN THEIR LOCATIONS AS WELL AS THEIR DEPARTMENT NAMES.
SQL> SELECT DEPTNAME
  2  FROM DEPT
  3  WHERE 'O' IN LOC
  4  AND 'O' IN DEPTNAME
  5  ;
AND 'O' IN DEPTNAME
           *
ERROR at line 4:
ORA-00904: "DEPTNAME": invalid identifier 


SQL> SELECT DEPTNAME
  2  FROM DEPT
  3  WHERE LOC LIKE '%O%'
  4  AND DEPTNAME LIKE '%O%'
  5  ;
AND DEPTNAME LIKE '%O%'
    *
ERROR at line 4:
ORA-00904: "DEPTNAME": invalid identifier 


SQL> DESC DEPT;
 Name                                                                                                                                                                                                                                                                                                                                                                                                                                                                                                                                                                                                              Null?    Type
 ----------------------------------------------------------------------------------------------------------------------------------------------------------------------------------------------------------------------------------------------------------------------------------------------------------------------------------------------------------------------------------------------------------------------------------------------------------------------------------------------------------------------------------------------------------------------------------------------------------------- -------- ------------------------------------------------------------------------------------------------------------------------------------------------------------------------------------------------------------------------------------------------------------------------------------------------------------------------------------------------------------------------------------------------------------
 DEPTNO                                                                                                                                                                                                                                                                                                                                                                                                                                                                                                                                                                                                            NOT NULL NUMBER(2)
 DNAME                                                                                                                                                                                                                                                                                                                                                                                                                                                                                                                                                                                                                      VARCHAR2(14)
 LOC                                                                                                                                                                                                                                                                                                                                                                                                                                                                                                                                                                                                                        VARCHAR2(13)

SQL> SET PAGES 100 LINES 100
SQL> DESC DEPT;
 Name                                                  Null?    Type
 ----------------------------------------------------- -------- ------------------------------------
 DEPTNO                                                NOT NULL NUMBER(2)
 DNAME                                                          VARCHAR2(14)
 LOC                                                            VARCHAR2(13)

SQL> SELECT DNAME
  2  FROM EMP
  3  WHERE LOC LIKE '%O%'
  4  AND DNAME LIKE '%O%'
  5  ;
AND DNAME LIKE '%O%'
    *
ERROR at line 4:
ORA-00904: "DNAME": invalid identifier 


SQL> ED
Wrote file afiedt.buf

  1  SELECT DNAME
  2  FROM DEPT
  3  WHERE LOC LIKE '%O%'
  4* AND DNAME LIKE '%O%'
  5  /

DNAME                                                                                               
--------------                                                                                      
ACCOUNTING                                                                                          
OPERATIONS                                                                                          

SQL> 
SQL> 
SQL> 
SQL> -- 23. DISPLAY ALL THE EMPLOYEES WHOSE JOB HAS STRING `MAN' IN   IT.
SQL> SELECT ENAME
  2  FROM EMP
  3  WHERE JOB LIKE '%MAN%'
  4  ;

ENAME                                                                                               
----------                                                                                          
ALLEN                                                                                               
WARD                                                                                                
JONES                                                                                               
MARTIN                                                                                              
BLAKE                                                                                               
CLARK                                                                                               
TURNER                                                                                              

7 rows selected.

SQL> 24. LIST THE EMPLOYEES WHO ARE HIRED AFTER 82 AND BEFORE 87.
SP2-0734: unknown command beginning "24. LIST T..." - rest of line ignored.
SQL> 
SQL> 
SQL> 
SQL> --
SQL> -- 24. LIST THE EMPLOYEES WHO ARE HIRED AFTER 82 AND BEFORE 87.
SQL> SELECT ENAME
  2  FROM EMP
  3  WHERE EXTRACT(YEAR FROM HIREDATE) > 82
  4  AND EXTRACT(YEAR FROM HIREDATE) < 87
  5  ;

no rows selected

SQL> SELECT *
  2  FROM EMP
  3  ORDER BY HIREDATE
  4  ;

     EMPNO ENAME      JOB              MGR HIREDATE         SAL       COMM     DEPTNO               
---------- ---------- --------- ---------- --------- ---------- ---------- ----------               
      7369 SMITH      CLERK           7902 17-DEC-80        800                    20               
      7499 ALLEN      SALESMAN        7698 20-FEB-81       1600        300         30               
      7521 WARD       SALESMAN        7698 22-FEB-81       1250        500         30               
      7566 JONES      MANAGER         7839 02-APR-81       2975                    20               
      7698 BLAKE      MANAGER         7839 01-MAY-81       2850                    30               
      7782 CLARK      MANAGER         7839 09-JUN-81       2450                    10               
      7844 TURNER     SALESMAN        7698 08-SEP-81       1500          0         30               
      7654 MARTIN     SALESMAN        7698 28-SEP-81       1250       1400         30               
      7839 KING       PRESIDENT            17-NOV-81       5000                    10               
      7900 JAMES      CLERK           7698 03-DEC-81        950                    30               
      7902 FORD       ANALYST         7566 03-DEC-81       3000                    20               
      7934 MILLER     CLERK           7782 23-JAN-82       1300                    10               
      7788 SCOTT      ANALYST         7566 19-APR-87       3000                    20               
      7876 ADAMS      CLERK           7788 23-MAY-87       1100                    20               

14 rows selected.

SQL> SELECT ENAME
  2  FROM EMP
  3  WHERE EXTRACT(YEAR FROM HIREDATE) > 81
  4  AND EXTRACT(YEAR FROM HIREDATE) < 87
  5  ;

no rows selected

SQL> SELECT ENAME
  2  FROM EMP
  3  WHERE EXTRACT(YEAR FROM HIREDATE) > 1982
  4    AND EXTRACT(YEAR FROM HIREDATE) < 1987;

no rows selected

SQL> ED
Wrote file afiedt.buf

  1  SELECT ENAME
  2  FROM EMP
  3  WHERE EXTRACT(YEAR FROM HIREDATE) > 1981
  4*   AND EXTRACT(YEAR FROM HIREDATE) < 1987
SQL> /

ENAME                                                                                               
----------                                                                                          
MILLER                                                                                              

SQL> ED
Wrote file afiedt.buf

  1  SELECT ENAME
  2  FROM EMP
  3  WHERE TO_CHAR(HIREDATE, 'YY') > '81'
  4*   AND TO_CHAR(HIREDATE, 'YY') < '87'
SQL> /

ENAME                                                                                               
----------                                                                                          
MILLER                                                                                              

SQL> 
SQL> 
SQL> -- 25. WAQTD ALL THE DETAILS OF EMPLOYEES HIRED IN NOVEMBER AND DECEMBER.
SQL> SELECT ENAME
  2  FROM EMP
  3  WHERE TO_CHAR(HIREDATE, 'MON') = 'NOV'
  4  AND TO_CHAR(HIREDATE, 'MON') = 'DEC'
  5  ;

no rows selected

SQL> ED
Wrote file afiedt.buf

  1  SELECT ENAME
  2  FROM EMP
  3  WHERE TO_CHAR(HIREDATE, 'MON') = 'NOV'
  4* OR TO_CHAR(HIREDATE, 'MON') = 'DEC'
  5  /

ENAME                                                                                               
----------                                                                                          
SMITH                                                                                               
KING                                                                                                
JAMES                                                                                               
FORD                                                                                                

SQL> -- 26. LIST ALL THE EMPLOYEE NAMES AND COMISSION FOR THOSE EMPLOYEES WHO EARN COMISSION MORE THAN THEIR SALARY.
SQL> SELECT ENAME
  2  FROM EMP
  3  WHERE COMM > SAL
  4  ;

ENAME                                                                                               
----------                                                                                          
MARTIN                                                                                              

SQL> ED
Wrote file afiedt.buf

  1  SELECT ENAME, COMM, SAL
  2  FROM EMP
  3* WHERE COMM > SAL
  4  /

ENAME            COMM        SAL                                                                    
---------- ---------- ----------                                                                    
MARTIN           1400       1250                                                                    

SQL> 
SQL> 
SQL> 
SQL> SELECT ENAME, COMM
  2  FROM EMP
  3  WHERE NVL(COMM,0) > SAL;

ENAME            COMM                                                                               
---------- ----------                                                                               
MARTIN           1400                                                                               

SQL> 
SQL> 
SQL> 
SQL> -- 27. WAQTD NAME AND DESIGNATION FOR ALL THE EMPLOYEES HAVING REPORTING MANAGERS AND ALSO THRIE NAMES STARTING WITH `S'.
SQL> SELECT ENAME, JOB
  2  FROM EMP
  3  WHERE MGR IS NOT NULL
  4  AND ENAME LIKE 'S%'
  5  ;

ENAME      JOB                                                                                      
---------- ---------                                                                                
SMITH      CLERK                                                                                    
SCOTT      ANALYST                                                                                  

SQL> ED
Wrote file afiedt.buf

  1  SELECT ENAME, JOB
  2  FROM EMP
  3  WHERE MGR IS NOT NULL
  4* AND ENAME IN 'S%'
  5  /

no rows selected

SQL> 
SQL> 
SQL> ED
Wrote file afiedt.buf

  1  SELECT ENAME, JOB
  2  FROM EMP
  3  WHERE MGR IS NOT NULL
  4* AND ENAME = 'S%'
SQL> /

no rows selected

SQL> 
SQL> 
SQL> 
SQL> -- 28. WAQTD NAME AND SALARY OF ALL THE EMPLOYEES IF THEIR ANNUAL SALARY ENDS WITH `0' .
SQL> SELECT ENAME, SAL
  2  FROM EMP
  3  WHERE SAL * 12 LIKE '%0'
  4  ;

ENAME             SAL                                                                               
---------- ----------                                                                               
SMITH             800                                                                               
ALLEN            1600                                                                               
WARD             1250                                                                               
JONES            2975                                                                               
MARTIN           1250                                                                               
BLAKE            2850                                                                               
CLARK            2450                                                                               
SCOTT            3000                                                                               
KING             5000                                                                               
TURNER           1500                                                                               
ADAMS            1100                                                                               
JAMES             950                                                                               
FORD             3000                                                                               
MILLER           1300                                                                               

14 rows selected.

SQL> ED
Wrote file afiedt.buf

  1  SELECT ENAME, SAL, SAL * 12
  2  FROM EMP
  3* WHERE SAL * 12 LIKE '%0'
  4  /

ENAME             SAL     SAL*12                                                                    
---------- ---------- ----------                                                                    
SMITH             800       9600                                                                    
ALLEN            1600      19200                                                                    
WARD             1250      15000                                                                    
JONES            2975      35700                                                                    
MARTIN           1250      15000                                                                    
BLAKE            2850      34200                                                                    
CLARK            2450      29400                                                                    
SCOTT            3000      36000                                                                    
KING             5000      60000                                                                    
TURNER           1500      18000                                                                    
ADAMS            1100      13200                                                                    
JAMES             950      11400                                                                    
FORD             3000      36000                                                                    
MILLER           1300      15600                                                                    

14 rows selected.

SQL> 
SQL> 
SQL> 
SQL> 
SQL> -- 29. WAQTD NAME OF THE EMPLOYEE HAVING ATLEAST 2L's IN HIS NAME .
SQL> SELECT ENAME
  2  FROM EMP
  3  WHERE ENAME LIKE '%L%L%'
  4  ;

ENAME                                                                                               
----------                                                                                          
ALLEN                                                                                               
MILLER                                                                                              

SQL> 
SQL> 
SQL> 
SQL> -- 30. WAQTD NAME OF THE EMPLOYEES WHOSE NAME STARTS WITH A `VOWEL'.
SQL> SELECT ENAME
  2  FROM EMP
  3  WHERE ENMAE LIKE IN ('A', 'E', 'I', 'O', 'U')
  4  ;
WHERE ENMAE LIKE IN ('A', 'E', 'I', 'O', 'U')
                 *
ERROR at line 3:
ORA-00936: missing expression 


SQL> ED
Wrote file afiedt.buf

  1  SELECT ENAME
  2  FROM EMP
  3* WHERE ENAME LIKE IN ('A', 'E', 'I', 'O', 'U')
  4  /
WHERE ENAME LIKE IN ('A', 'E', 'I', 'O', 'U')
                 *
ERROR at line 3:
ORA-00936: missing expression 


SQL> ED
Wrote file afiedt.buf

  1  SELECT ENAME
  2  FROM EMP
  3* WHERE ENAME IN ('A', 'E', 'I', 'O', 'U')
SQL> /

no rows selected

SQL> 
SQL> 
SQL> 
SQL> ED
Wrote file afiedt.buf

  1  SELECT ENAME
  2  FROM EMP
  3  WHERE ENAME LIKE '%A%'
  4  OR ENAME LIKE '%E%'
  5  OR ENAME LIKE '%I%'
  6  OR ENAME LIKE '%O%'
  7* OR ENAME LIKE '%U%'
SQL> /

ENAME                                                                                               
----------                                                                                          
SMITH                                                                                               
ALLEN                                                                                               
WARD                                                                                                
JONES                                                                                               
MARTIN                                                                                              
BLAKE                                                                                               
CLARK                                                                                               
SCOTT                                                                                               
KING                                                                                                
TURNER                                                                                              
ADAMS                                                                                               
JAMES                                                                                               
FORD                                                                                                
MILLER                                                                                              

14 rows selected.

SQL> 
SQL> 
SQL> 
SQL> SPOOL OFF
